#
# There is insufficient memory for the Java Runtime Environment to continue.
# Native memory allocation (malloc) failed to allocate 1067984 bytes for Chunk::new
# Possible reasons:
#   The system is out of physical RAM or swap space
#   The process is running with CompressedOops enabled, and the Java Heap may be blocking the growth of the native heap
# Possible solutions:
#   Reduce memory load on the system
#   Increase physical memory or swap space
#   Check if swap backing store is full
#   Decrease Java heap size (-Xmx/-Xms)
#   Decrease number of Java threads
#   Decrease Java thread stack sizes (-Xss)
#   Set larger code cache with -XX:ReservedCodeCacheSize=
#   JVM is running with Unscaled Compressed Oops mode in which the Java heap is
#     placed in the first 4GB address space. The Java Heap base address is the
#     maximum limit for the native heap growth. Please use -XX:HeapBaseMinAddress
#     to set the Java Heap base and to place the Java Heap above 4GB virtual address.
# This output file may be truncated or incomplete.
#
#  Out of Memory Error (arena.cpp:168), pid=15636, tid=6740
#
# JRE version: Java(TM) SE Runtime Environment (21.0.2+13) (build 21.0.2+13-LTS-58)
# Java VM: Java HotSpot(TM) 64-Bit Server VM (21.0.2+13-LTS-58, mixed mode, sharing, tiered, compressed oops, compressed class ptrs, g1 gc, windows-amd64)
# No core dump will be written. Minidumps are not enabled by default on client versions of Windows
#

---------------  S U M M A R Y ------------

Command Line: -javaagent:C:\Program Files\JetBrains\IntelliJ IDEA\lib\idea_rt.jar=56474 -Dfile.encoding=UTF-8 -Dsun.stdout.encoding=UTF-8 -Dsun.stderr.encoding=UTF-8 com.multiGenesys.BookingSystemAssignmentApplication

Host: Intel(R) Core(TM) i5-6300U CPU @ 2.40GHz, 4 cores, 7G,  Windows 11 , 64 bit Build 22000 (10.0.22000.2538)
Time: Tue Sep 16 16:06:46 2025 Sri Lanka Standard Time elapsed time: 95.028032 seconds (0d 0h 1m 35s)

---------------  T H R E A D  ---------------

Current thread (0x00000232c67ee180):  JavaThread "C2 CompilerThread0" daemon [_thread_in_native, id=6740, stack(0x000000de9d800000,0x000000de9d900000) (1024K)]


Current CompileTask:
C2:  95028 7392       4       org.springframework.core.ResolvableType::hasGenerics (14 bytes)

Stack: [0x000000de9d800000,0x000000de9d900000]
Native frames: (J=compiled Java code, j=interpreted, Vv=VM code, C=native code)
V  [jvm.dll+0x6cade9]
V  [jvm.dll+0x8569c1]
V  [jvm.dll+0x858d2e]
V  [jvm.dll+0x859413]
V  [jvm.dll+0x280e56]
V  [jvm.dll+0xc3f3d]
V  [jvm.dll+0xc4473]
V  [jvm.dll+0x3b5c2c]
V  [jvm.dll+0x1e2013]
V  [jvm.dll+0x249d22]
V  [jvm.dll+0x2491b1]
V  [jvm.dll+0x1c9634]
V  [jvm.dll+0x258859]
V  [jvm.dll+0x256e3a]
V  [jvm.dll+0x3ef6c6]
V  [jvm.dll+0x7ff568]
V  [jvm.dll+0x6c953d]
C  [ucrtbase.dll+0x26c0c]
C  [KERNEL32.DLL+0x153e0]
C  [ntdll.dll+0x485b]


---------------  P R O C E S S  ---------------

Threads class SMR info:
_java_thread_list=0x000002330df28a70, length=29, elements={
0x00000232c67e6870, 0x00000232c67e9750, 0x00000232c67eb4d0, 0x00000232c67ebf30,
0x00000232c67ec990, 0x00000232c67ed3f0, 0x00000232c67ee180, 0x00000232c67f1c80,
0x00000232c67ade00, 0x00000232c6c1b880, 0x000002330c088160, 0x000002330e770820,
0x000002330de6f100, 0x000002330d642c30, 0x000002330d6432c0, 0x000002330d643fe0,
0x000002330d644670, 0x000002330d6425a0, 0x0000023310095e60, 0x0000023310094ab0,
0x0000023310094420, 0x0000023310095140, 0x00000233100957d0, 0x00000233100964f0,
0x0000023310093070, 0x0000023310093700, 0x0000023310093d90, 0x0000023315743590,
0x0000023315743c20
}

Java Threads: ( => current thread )
  0x00000232c67e6870 JavaThread "Reference Handler"          daemon [_thread_blocked, id=11008, stack(0x000000de9d200000,0x000000de9d300000) (1024K)]
  0x00000232c67e9750 JavaThread "Finalizer"                  daemon [_thread_blocked, id=7756, stack(0x000000de9d300000,0x000000de9d400000) (1024K)]
  0x00000232c67eb4d0 JavaThread "Signal Dispatcher"          daemon [_thread_blocked, id=15684, stack(0x000000de9d400000,0x000000de9d500000) (1024K)]
  0x00000232c67ebf30 JavaThread "Attach Listener"            daemon [_thread_blocked, id=13888, stack(0x000000de9d500000,0x000000de9d600000) (1024K)]
  0x00000232c67ec990 JavaThread "Service Thread"             daemon [_thread_blocked, id=3612, stack(0x000000de9d600000,0x000000de9d700000) (1024K)]
  0x00000232c67ed3f0 JavaThread "Monitor Deflation Thread"   daemon [_thread_blocked, id=1848, stack(0x000000de9d700000,0x000000de9d800000) (1024K)]
=>0x00000232c67ee180 JavaThread "C2 CompilerThread0"         daemon [_thread_in_native, id=6740, stack(0x000000de9d800000,0x000000de9d900000) (1024K)]
  0x00000232c67f1c80 JavaThread "C1 CompilerThread0"         daemon [_thread_blocked, id=10340, stack(0x000000de9d900000,0x000000de9da00000) (1024K)]
  0x00000232c67ade00 JavaThread "Common-Cleaner"             daemon [_thread_blocked, id=8340, stack(0x000000de9da00000,0x000000de9db00000) (1024K)]
  0x00000232c6c1b880 JavaThread "Monitor Ctrl-Break"         daemon [_thread_in_native, id=15296, stack(0x000000de9dc00000,0x000000de9dd00000) (1024K)]
  0x000002330c088160 JavaThread "Notification Thread"        daemon [_thread_blocked, id=4480, stack(0x000000de9dd00000,0x000000de9de00000) (1024K)]
  0x000002330e770820 JavaThread "mysql-cj-abandoned-connection-cleanup" daemon [_thread_blocked, id=1756, stack(0x000000de9e000000,0x000000de9e100000) (1024K)]
  0x000002330de6f100 JavaThread "HikariPool-1 housekeeper"   daemon [_thread_blocked, id=3600, stack(0x000000de9e200000,0x000000de9e300000) (1024K)]
  0x000002330d642c30 JavaThread "Catalina-utility-1"                [_thread_blocked, id=14332, stack(0x000000de9e300000,0x000000de9e400000) (1024K)]
  0x000002330d6432c0 JavaThread "Catalina-utility-2"                [_thread_blocked, id=6084, stack(0x000000de9e400000,0x000000de9e500000) (1024K)]
  0x000002330d643fe0 JavaThread "container-0"                       [_thread_blocked, id=10532, stack(0x000000de9e500000,0x000000de9e600000) (1024K)]
  0x000002330d644670 JavaThread "http-nio-7072-exec-1"       daemon [_thread_blocked, id=14064, stack(0x000000de9e600000,0x000000de9e700000) (1024K)]
  0x000002330d6425a0 JavaThread "http-nio-7072-exec-2"       daemon [_thread_blocked, id=13112, stack(0x000000de9e700000,0x000000de9e800000) (1024K)]
  0x0000023310095e60 JavaThread "http-nio-7072-exec-3"       daemon [_thread_blocked, id=14296, stack(0x000000de9e800000,0x000000de9e900000) (1024K)]
  0x0000023310094ab0 JavaThread "http-nio-7072-exec-4"       daemon [_thread_blocked, id=13664, stack(0x000000de9e900000,0x000000de9ea00000) (1024K)]
  0x0000023310094420 JavaThread "http-nio-7072-exec-5"       daemon [_thread_blocked, id=7608, stack(0x000000de9ea00000,0x000000de9eb00000) (1024K)]
  0x0000023310095140 JavaThread "http-nio-7072-exec-6"       daemon [_thread_blocked, id=15276, stack(0x000000de9eb00000,0x000000de9ec00000) (1024K)]
  0x00000233100957d0 JavaThread "http-nio-7072-exec-7"       daemon [_thread_blocked, id=7852, stack(0x000000de9ec00000,0x000000de9ed00000) (1024K)]
  0x00000233100964f0 JavaThread "http-nio-7072-exec-8"       daemon [_thread_blocked, id=8336, stack(0x000000de9ed00000,0x000000de9ee00000) (1024K)]
  0x0000023310093070 JavaThread "http-nio-7072-exec-9"       daemon [_thread_blocked, id=5964, stack(0x000000de9ee00000,0x000000de9ef00000) (1024K)]
  0x0000023310093700 JavaThread "http-nio-7072-exec-10"      daemon [_thread_blocked, id=15456, stack(0x000000de9ef00000,0x000000de9f000000) (1024K)]
  0x0000023310093d90 JavaThread "http-nio-7072-Poller"       daemon [_thread_in_native, id=7752, stack(0x000000de9f000000,0x000000de9f100000) (1024K)]
  0x0000023315743590 JavaThread "http-nio-7072-Acceptor"     daemon [_thread_in_native, id=13336, stack(0x000000de9f100000,0x000000de9f200000) (1024K)]
  0x0000023315743c20 JavaThread "DestroyJavaVM"                     [_thread_blocked, id=3428, stack(0x000000de9ca00000,0x000000de9cb00000) (1024K)]
Total: 29

Other Threads:
  0x00000232c67c5df0 VMThread "VM Thread"                           [id=12632, stack(0x000000de9d100000,0x000000de9d200000) (1024K)]
  0x00000232c67ad160 WatcherThread "VM Periodic Task Thread"        [id=1432, stack(0x000000de9d000000,0x000000de9d100000) (1024K)]
  0x00000232aa76bf00 WorkerThread "GC Thread#0"                     [id=1256, stack(0x000000de9cb00000,0x000000de9cc00000) (1024K)]
  0x000002330c327090 WorkerThread "GC Thread#1"                     [id=7980, stack(0x000000de9db00000,0x000000de9dc00000) (1024K)]
  0x000002330c327430 WorkerThread "GC Thread#2"                     [id=15844, stack(0x000000de9de00000,0x000000de9df00000) (1024K)]
  0x000002330c342d80 WorkerThread "GC Thread#3"                     [id=12396, stack(0x000000de9df00000,0x000000de9e000000) (1024K)]
  0x00000232aa77d380 ConcurrentGCThread "G1 Main Marker"            [id=13492, stack(0x000000de9cc00000,0x000000de9cd00000) (1024K)]
  0x00000232aa77df40 WorkerThread "G1 Conc#0"                       [id=15124, stack(0x000000de9cd00000,0x000000de9ce00000) (1024K)]
  0x00000232aa7de510 ConcurrentGCThread "G1 Refine#0"               [id=13940, stack(0x000000de9ce00000,0x000000de9cf00000) (1024K)]
  0x00000232c66720b0 ConcurrentGCThread "G1 Service"                [id=15232, stack(0x000000de9cf00000,0x000000de9d000000) (1024K)]
Total: 10

Threads with active compile tasks:
C2 CompilerThread0    95195 7392       4       org.springframework.core.ResolvableType::hasGenerics (14 bytes)
Total: 1

VM state: not at safepoint (normal execution)

VM Mutex/Monitor currently owned by a thread: None

Heap address: 0x0000000081e00000, size: 2018 MB, Compressed Oops mode: 32-bit

CDS archive(s) mapped at: [0x00000232c7000000-0x00000232c7c90000-0x00000232c7c90000), size 13172736, SharedBaseAddress: 0x00000232c7000000, ArchiveRelocationMode: 1.
Compressed class space mapped at: 0x00000232c8000000-0x0000023308000000, reserved size: 1073741824
Narrow klass base: 0x00000232c7000000, Narrow klass shift: 0, Narrow klass range: 0x100000000

GC Precious Log:
 CardTable entry size: 512
 Card Set container configuration: InlinePtr #cards 5 size 8 Array Of Cards #cards 12 size 40 Howl #buckets 4 coarsen threshold 1843 Howl Bitmap #cards 512 size 80 coarsen threshold 460 Card regions per heap region 1 cards per card region 2048
 CPUs: 4 total, 4 available
 Memory: 8071M
 Large Page Support: Disabled
 NUMA Support: Disabled
 Compressed Oops: Enabled (32-bit)
 Heap Region Size: 1M
 Heap Min Capacity: 8M
 Heap Initial Capacity: 128M
 Heap Max Capacity: 2018M
 Pre-touch: Disabled
 Parallel Workers: 4
 Concurrent Workers: 1
 Concurrent Refinement Workers: 4
 Periodic GC: Disabled

Heap:
 garbage-first heap   total 70656K, used 60017K [0x0000000081e00000, 0x0000000100000000)
  region size 1024K, 27 young (27648K), 4 survivors (4096K)
 Metaspace       used 85572K, committed 86400K, reserved 1179648K
  class space    used 11772K, committed 12160K, reserved 1048576K

Heap Regions: E=young(eden), S=young(survivor), O=old, HS=humongous(starts), HC=humongous(continues), CS=collection set, F=free, TAMS=top-at-mark-start, PB=parsable bottom
|   0|0x0000000081e00000, 0x0000000081f00000, 0x0000000081f00000|100%|HS|  |TAMS 0x0000000081e00000| PB 0x0000000081e00000| Complete 
|   1|0x0000000081f00000, 0x0000000082000000, 0x0000000082000000|100%|HS|  |TAMS 0x0000000081f00000| PB 0x0000000081f00000| Complete 
|   2|0x0000000082000000, 0x0000000082100000, 0x0000000082100000|100%| O|  |TAMS 0x0000000082000000| PB 0x0000000082000000| Untracked 
|   3|0x0000000082100000, 0x0000000082200000, 0x0000000082200000|100%| O|  |TAMS 0x0000000082100000| PB 0x0000000082100000| Untracked 
|   4|0x0000000082200000, 0x0000000082300000, 0x0000000082300000|100%| O|  |TAMS 0x0000000082200000| PB 0x0000000082200000| Untracked 
|   5|0x0000000082300000, 0x0000000082400000, 0x0000000082400000|100%| O|  |TAMS 0x0000000082300000| PB 0x0000000082300000| Untracked 
|   6|0x0000000082400000, 0x0000000082500000, 0x0000000082500000|100%| O|  |TAMS 0x0000000082400000| PB 0x0000000082400000| Untracked 
|   7|0x0000000082500000, 0x0000000082600000, 0x0000000082600000|100%| O|  |TAMS 0x0000000082500000| PB 0x0000000082500000| Untracked 
|   8|0x0000000082600000, 0x0000000082700000, 0x0000000082700000|100%| O|  |TAMS 0x0000000082600000| PB 0x0000000082600000| Untracked 
|   9|0x0000000082700000, 0x0000000082800000, 0x0000000082800000|100%| O|  |TAMS 0x0000000082700000| PB 0x0000000082700000| Untracked 
|  10|0x0000000082800000, 0x0000000082900000, 0x0000000082900000|100%| O|  |TAMS 0x0000000082800000| PB 0x0000000082800000| Untracked 
|  11|0x0000000082900000, 0x0000000082a00000, 0x0000000082a00000|100%| O|  |TAMS 0x0000000082900000| PB 0x0000000082900000| Untracked 
|  12|0x0000000082a00000, 0x0000000082b00000, 0x0000000082b00000|100%| O|  |TAMS 0x0000000082a00000| PB 0x0000000082a00000| Untracked 
|  13|0x0000000082b00000, 0x0000000082c00000, 0x0000000082c00000|100%| O|  |TAMS 0x0000000082b00000| PB 0x0000000082b00000| Untracked 
|  14|0x0000000082c00000, 0x0000000082d00000, 0x0000000082d00000|100%| O|  |TAMS 0x0000000082c00000| PB 0x0000000082c00000| Untracked 
|  15|0x0000000082d00000, 0x0000000082e00000, 0x0000000082e00000|100%| O|  |TAMS 0x0000000082d00000| PB 0x0000000082d00000| Untracked 
|  16|0x0000000082e00000, 0x0000000082f00000, 0x0000000082f00000|100%| O|  |TAMS 0x0000000082e00000| PB 0x0000000082e00000| Untracked 
|  17|0x0000000082f00000, 0x0000000083000000, 0x0000000083000000|100%| O|  |TAMS 0x0000000082f00000| PB 0x0000000082f00000| Untracked 
|  18|0x0000000083000000, 0x0000000083100000, 0x0000000083100000|100%| O|  |TAMS 0x0000000083000000| PB 0x0000000083000000| Untracked 
|  19|0x0000000083100000, 0x0000000083200000, 0x0000000083200000|100%| O|  |TAMS 0x0000000083100000| PB 0x0000000083100000| Untracked 
|  20|0x0000000083200000, 0x0000000083300000, 0x0000000083300000|100%| O|  |TAMS 0x0000000083200000| PB 0x0000000083200000| Untracked 
|  21|0x0000000083300000, 0x0000000083400000, 0x0000000083400000|100%| O|  |TAMS 0x0000000083300000| PB 0x0000000083300000| Untracked 
|  22|0x0000000083400000, 0x0000000083500000, 0x0000000083500000|100%| O|  |TAMS 0x0000000083400000| PB 0x0000000083400000| Untracked 
|  23|0x0000000083500000, 0x0000000083600000, 0x0000000083600000|100%| O|  |TAMS 0x0000000083500000| PB 0x0000000083500000| Untracked 
|  24|0x0000000083600000, 0x0000000083700000, 0x0000000083700000|100%| O|  |TAMS 0x0000000083600000| PB 0x0000000083600000| Untracked 
|  25|0x0000000083700000, 0x0000000083800000, 0x0000000083800000|100%| O|  |TAMS 0x0000000083700000| PB 0x0000000083700000| Untracked 
|  26|0x0000000083800000, 0x0000000083900000, 0x0000000083900000|100%| O|  |TAMS 0x0000000083800000| PB 0x0000000083800000| Untracked 
|  27|0x0000000083900000, 0x0000000083900000, 0x0000000083a00000|  0%| F|  |TAMS 0x0000000083900000| PB 0x0000000083900000| Untracked 
|  28|0x0000000083a00000, 0x0000000083b00000, 0x0000000083b00000|100%| O|  |TAMS 0x0000000083a00000| PB 0x0000000083a00000| Untracked 
|  29|0x0000000083b00000, 0x0000000083c00000, 0x0000000083c00000|100%| O|  |TAMS 0x0000000083b00000| PB 0x0000000083b00000| Untracked 
|  30|0x0000000083c00000, 0x0000000083d00000, 0x0000000083d00000|100%| O|  |TAMS 0x0000000083c00000| PB 0x0000000083c00000| Untracked 
|  31|0x0000000083d00000, 0x0000000083e00000, 0x0000000083e00000|100%| O|  |TAMS 0x0000000083d00000| PB 0x0000000083d00000| Untracked 
|  32|0x0000000083e00000, 0x0000000083f00000, 0x0000000083f00000|100%| O|  |TAMS 0x0000000083e00000| PB 0x0000000083e00000| Untracked 
|  33|0x0000000083f00000, 0x0000000084000000, 0x0000000084000000|100%| O|  |TAMS 0x0000000083f00000| PB 0x0000000083f00000| Untracked 
|  34|0x0000000084000000, 0x00000000840a5a50, 0x0000000084100000| 64%| O|  |TAMS 0x0000000084000000| PB 0x0000000084000000| Untracked 
|  35|0x0000000084100000, 0x0000000084100000, 0x0000000084200000|  0%| F|  |TAMS 0x0000000084100000| PB 0x0000000084100000| Untracked 
|  36|0x0000000084200000, 0x0000000084200000, 0x0000000084300000|  0%| F|  |TAMS 0x0000000084200000| PB 0x0000000084200000| Untracked 
|  37|0x0000000084300000, 0x00000000843f6c90, 0x0000000084400000| 96%| S|CS|TAMS 0x0000000084300000| PB 0x0000000084300000| Complete 
|  38|0x0000000084400000, 0x0000000084500000, 0x0000000084500000|100%| S|CS|TAMS 0x0000000084400000| PB 0x0000000084400000| Complete 
|  39|0x0000000084500000, 0x0000000084600000, 0x0000000084600000|100%| S|CS|TAMS 0x0000000084500000| PB 0x0000000084500000| Complete 
|  40|0x0000000084600000, 0x0000000084600000, 0x0000000084700000|  0%| F|  |TAMS 0x0000000084600000| PB 0x0000000084600000| Untracked 
|  41|0x0000000084700000, 0x0000000084700000, 0x0000000084800000|  0%| F|  |TAMS 0x0000000084700000| PB 0x0000000084700000| Untracked 
|  42|0x0000000084800000, 0x0000000084800000, 0x0000000084900000|  0%| F|  |TAMS 0x0000000084800000| PB 0x0000000084800000| Untracked 
|  43|0x0000000084900000, 0x0000000084900000, 0x0000000084a00000|  0%| F|  |TAMS 0x0000000084900000| PB 0x0000000084900000| Untracked 
|  44|0x0000000084a00000, 0x0000000084b00000, 0x0000000084b00000|100%| S|CS|TAMS 0x0000000084a00000| PB 0x0000000084a00000| Complete 
|  45|0x0000000084b00000, 0x0000000084b00000, 0x0000000084c00000|  0%| F|  |TAMS 0x0000000084b00000| PB 0x0000000084b00000| Untracked 
|  46|0x0000000084c00000, 0x0000000084c5b258, 0x0000000084d00000| 35%| E|  |TAMS 0x0000000084c00000| PB 0x0000000084c00000| Complete 
|  47|0x0000000084d00000, 0x0000000084e00000, 0x0000000084e00000|100%| E|CS|TAMS 0x0000000084d00000| PB 0x0000000084d00000| Complete 
|  48|0x0000000084e00000, 0x0000000084f00000, 0x0000000084f00000|100%| E|CS|TAMS 0x0000000084e00000| PB 0x0000000084e00000| Complete 
|  49|0x0000000084f00000, 0x0000000085000000, 0x0000000085000000|100%| E|CS|TAMS 0x0000000084f00000| PB 0x0000000084f00000| Complete 
|  50|0x0000000085000000, 0x0000000085100000, 0x0000000085100000|100%| E|CS|TAMS 0x0000000085000000| PB 0x0000000085000000| Complete 
|  51|0x0000000085100000, 0x0000000085200000, 0x0000000085200000|100%| E|CS|TAMS 0x0000000085100000| PB 0x0000000085100000| Complete 
|  52|0x0000000085200000, 0x0000000085300000, 0x0000000085300000|100%| E|CS|TAMS 0x0000000085200000| PB 0x0000000085200000| Complete 
|  53|0x0000000085300000, 0x0000000085400000, 0x0000000085400000|100%| E|CS|TAMS 0x0000000085300000| PB 0x0000000085300000| Complete 
|  54|0x0000000085400000, 0x0000000085500000, 0x0000000085500000|100%| E|CS|TAMS 0x0000000085400000| PB 0x0000000085400000| Complete 
|  55|0x0000000085500000, 0x0000000085600000, 0x0000000085600000|100%| E|CS|TAMS 0x0000000085500000| PB 0x0000000085500000| Complete 
|  56|0x0000000085600000, 0x0000000085700000, 0x0000000085700000|100%| E|CS|TAMS 0x0000000085600000| PB 0x0000000085600000| Complete 
|  57|0x0000000085700000, 0x0000000085800000, 0x0000000085800000|100%| E|CS|TAMS 0x0000000085700000| PB 0x0000000085700000| Complete 
|  58|0x0000000085800000, 0x0000000085900000, 0x0000000085900000|100%| E|CS|TAMS 0x0000000085800000| PB 0x0000000085800000| Complete 
|  59|0x0000000085900000, 0x0000000085a00000, 0x0000000085a00000|100%| E|CS|TAMS 0x0000000085900000| PB 0x0000000085900000| Complete 
|  79|0x0000000086d00000, 0x0000000086e00000, 0x0000000086e00000|100%| E|CS|TAMS 0x0000000086d00000| PB 0x0000000086d00000| Complete 
|  80|0x0000000086e00000, 0x0000000086f00000, 0x0000000086f00000|100%| E|CS|TAMS 0x0000000086e00000| PB 0x0000000086e00000| Complete 
|  81|0x0000000086f00000, 0x0000000087000000, 0x0000000087000000|100%| E|CS|TAMS 0x0000000086f00000| PB 0x0000000086f00000| Complete 
|  82|0x0000000087000000, 0x0000000087100000, 0x0000000087100000|100%| E|CS|TAMS 0x0000000087000000| PB 0x0000000087000000| Complete 
|  83|0x0000000087100000, 0x0000000087200000, 0x0000000087200000|100%| E|CS|TAMS 0x0000000087100000| PB 0x0000000087100000| Complete 
|  84|0x0000000087200000, 0x0000000087300000, 0x0000000087300000|100%| E|CS|TAMS 0x0000000087200000| PB 0x0000000087200000| Complete 
|  85|0x0000000087300000, 0x0000000087400000, 0x0000000087400000|100%| E|  |TAMS 0x0000000087300000| PB 0x0000000087300000| Complete 
| 126|0x0000000089c00000, 0x0000000089d00000, 0x0000000089d00000|100%| E|CS|TAMS 0x0000000089c00000| PB 0x0000000089c00000| Complete 
| 127|0x0000000089d00000, 0x0000000089e00000, 0x0000000089e00000|100%| E|CS|TAMS 0x0000000089d00000| PB 0x0000000089d00000| Complete 

Card table byte_map: [0x00000232c1f80000,0x00000232c2380000] _byte_map_base: 0x00000232c1b71000

Marking Bits: (CMBitMap*) 0x00000232aa76c510
 Bits: [0x00000232c2380000, 0x00000232c4308000)

Polling page: 0x00000232a9ee0000

Metaspace:

Usage:
  Non-class:     72.07 MB used.
      Class:     11.50 MB used.
       Both:     83.57 MB used.

Virtual space:
  Non-class space:      128.00 MB reserved,      72.50 MB ( 57%) committed,  2 nodes.
      Class space:        1.00 GB reserved,      11.88 MB (  1%) committed,  1 nodes.
             Both:        1.12 GB reserved,      84.38 MB (  7%) committed. 

Chunk freelists:
   Non-Class:  7.03 MB
       Class:  4.09 MB
        Both:  11.12 MB

MaxMetaspaceSize: unlimited
CompressedClassSpaceSize: 1.00 GB
Initial GC threshold: 21.00 MB
Current GC threshold: 127.19 MB
CDS: on
 - commit_granule_bytes: 65536.
 - commit_granule_words: 8192.
 - virtual_space_node_default_size: 8388608.
 - enlarge_chunks_in_place: 1.
 - use_allocation_guard: 0.


Internal statistics:

num_allocs_failed_limit: 12.
num_arena_births: 1156.
num_arena_deaths: 0.
num_vsnodes_births: 3.
num_vsnodes_deaths: 0.
num_space_committed: 1350.
num_space_uncommitted: 0.
num_chunks_returned_to_freelist: 12.
num_chunks_taken_from_freelist: 4194.
num_chunk_merges: 9.
num_chunk_splits: 3052.
num_chunks_enlarged: 2408.
num_inconsistent_stats: 0.

CodeHeap 'non-profiled nmethods': size=120000Kb used=3912Kb max_used=3912Kb free=116087Kb
 bounds [0x00000232ba650000, 0x00000232baa30000, 0x00000232c1b80000]
CodeHeap 'profiled nmethods': size=120000Kb used=11881Kb max_used=11881Kb free=108118Kb
 bounds [0x00000232b2b80000, 0x00000232b3720000, 0x00000232ba0b0000]
CodeHeap 'non-nmethods': size=5760Kb used=1764Kb max_used=1824Kb free=3995Kb
 bounds [0x00000232ba0b0000, 0x00000232ba320000, 0x00000232ba650000]
 total_blobs=7315 nmethods=6540 adapters=678
 compilation: enabled
              stopped_count=0, restarted_count=0
 full_count=0

Compilation events (20 events):
Event: 94.761 Thread 0x00000232c67f1c80 7510       2       java.util.regex.Pattern$BranchConn::study (5 bytes)
Event: 94.761 Thread 0x00000232c67f1c80 nmethod 7510 0x00000232b3713e10 code [0x00000232b3713fa0, 0x00000232b37140b0]
Event: 94.768 Thread 0x00000232c67f1c80 7511       2       java.util.Formatter$Conversion::isValid (358 bytes)
Event: 94.768 Thread 0x00000232c67f1c80 nmethod 7511 0x00000232b3714190 code [0x00000232b3714320, 0x00000232b3714498]
Event: 94.768 Thread 0x00000232c67f1c80 7512       2       java.util.Formatter$FormatSpecifier::<init> (68 bytes)
Event: 94.769 Thread 0x00000232c67f1c80 nmethod 7512 0x00000232b3714510 code [0x00000232b37146e0, 0x00000232b3714928]
Event: 94.769 Thread 0x00000232c67f1c80 7513       2       java.util.Formatter$FormatSpecifier::print (234 bytes)
Event: 94.770 Thread 0x00000232c67f1c80 nmethod 7513 0x00000232b3714a90 code [0x00000232b3714d00, 0x00000232b3715128]
Event: 94.979 Thread 0x00000232c67f1c80 7514       3       jdk.internal.misc.Unsafe::checkSize (32 bytes)
Event: 94.982 Thread 0x00000232c67f1c80 nmethod 7514 0x00000232b3715290 code [0x00000232b3715440, 0x00000232b37156b8]
Event: 94.982 Thread 0x00000232c67f1c80 7515       2       org.apache.catalina.connector.ResponseFacade::checkFacade (24 bytes)
Event: 94.982 Thread 0x00000232c67f1c80 nmethod 7515 0x00000232b3715790 code [0x00000232b3715960, 0x00000232b3715b68]
Event: 94.982 Thread 0x00000232c67f1c80 7517       1       org.apache.tomcat.util.net.SocketWrapperBase::getWriteTimeout (5 bytes)
Event: 94.983 Thread 0x00000232c67f1c80 nmethod 7517 0x00000232baa21810 code [0x00000232baa219a0, 0x00000232baa21a70]
Event: 94.983 Thread 0x00000232c67f1c80 7516       1       org.apache.tomcat.util.net.NioChannel::getOutboundRemaining (2 bytes)
Event: 94.983 Thread 0x00000232c67f1c80 nmethod 7516 0x00000232baa21b10 code [0x00000232baa21ca0, 0x00000232baa21d68]
Event: 94.983 Thread 0x00000232c67f1c80 7519       2       org.apache.tomcat.util.net.SocketBufferHandler::setWriteBufferConfiguredForWrite (84 bytes)
Event: 94.984 Thread 0x00000232c67f1c80 nmethod 7519 0x00000232b3715c90 code [0x00000232b3715e80, 0x00000232b3716108]
Event: 94.984 Thread 0x00000232c67f1c80 7518       2       java.nio.HeapByteBuffer::put (12 bytes)
Event: 94.984 Thread 0x00000232c67f1c80 nmethod 7518 0x00000232b3716290 code [0x00000232b3716460, 0x00000232b37166a8]

GC Heap History (20 events):
Event: 14.914 GC heap before
{Heap before GC invocations=8 (full 0):
 garbage-first heap   total 70656K, used 24933K [0x0000000081e00000, 0x0000000100000000)
  region size 1024K, 8 young (8192K), 4 survivors (4096K)
 Metaspace       used 35641K, committed 36096K, reserved 1114112K
  class space    used 4555K, committed 4800K, reserved 1048576K
}
Event: 14.932 GC heap after
{Heap after GC invocations=9 (full 0):
 garbage-first heap   total 70656K, used 22557K [0x0000000081e00000, 0x0000000100000000)
  region size 1024K, 3 young (3072K), 3 survivors (3072K)
 Metaspace       used 35641K, committed 36096K, reserved 1114112K
  class space    used 4555K, committed 4800K, reserved 1048576K
}
Event: 18.860 GC heap before
{Heap before GC invocations=10 (full 0):
 garbage-first heap   total 70656K, used 58397K [0x0000000081e00000, 0x0000000100000000)
  region size 1024K, 38 young (38912K), 3 survivors (3072K)
 Metaspace       used 43168K, committed 43776K, reserved 1114112K
  class space    used 5732K, committed 6016K, reserved 1048576K
}
Event: 18.880 GC heap after
{Heap after GC invocations=11 (full 0):
 garbage-first heap   total 70656K, used 24898K [0x0000000081e00000, 0x0000000100000000)
  region size 1024K, 5 young (5120K), 5 survivors (5120K)
 Metaspace       used 43168K, committed 43776K, reserved 1114112K
  class space    used 5732K, committed 6016K, reserved 1048576K
}
Event: 26.741 GC heap before
{Heap before GC invocations=11 (full 0):
 garbage-first heap   total 70656K, used 59714K [0x0000000081e00000, 0x0000000100000000)
  region size 1024K, 39 young (39936K), 5 survivors (5120K)
 Metaspace       used 55261K, committed 55808K, reserved 1114112K
  class space    used 7171K, committed 7424K, reserved 1048576K
}
Event: 26.774 GC heap after
{Heap after GC invocations=12 (full 0):
 garbage-first heap   total 70656K, used 27107K [0x0000000081e00000, 0x0000000100000000)
  region size 1024K, 5 young (5120K), 5 survivors (5120K)
 Metaspace       used 55261K, committed 55808K, reserved 1114112K
  class space    used 7171K, committed 7424K, reserved 1048576K
}
Event: 28.637 GC heap before
{Heap before GC invocations=12 (full 0):
 garbage-first heap   total 70656K, used 40419K [0x0000000081e00000, 0x0000000100000000)
  region size 1024K, 20 young (20480K), 5 survivors (5120K)
 Metaspace       used 60090K, committed 60608K, reserved 1114112K
  class space    used 7862K, committed 8128K, reserved 1048576K
}
Event: 28.655 GC heap after
{Heap after GC invocations=13 (full 0):
 garbage-first heap   total 70656K, used 29074K [0x0000000081e00000, 0x0000000100000000)
  region size 1024K, 2 young (2048K), 2 survivors (2048K)
 Metaspace       used 60090K, committed 60608K, reserved 1114112K
  class space    used 7862K, committed 8128K, reserved 1048576K
}
Event: 32.828 GC heap before
{Heap before GC invocations=14 (full 0):
 garbage-first heap   total 70656K, used 60818K [0x0000000081e00000, 0x0000000100000000)
  region size 1024K, 33 young (33792K), 2 survivors (2048K)
 Metaspace       used 67485K, committed 68032K, reserved 1114112K
  class space    used 9046K, committed 9280K, reserved 1048576K
}
Event: 32.839 GC heap after
{Heap after GC invocations=15 (full 0):
 garbage-first heap   total 70656K, used 30575K [0x0000000081e00000, 0x0000000100000000)
  region size 1024K, 3 young (3072K), 3 survivors (3072K)
 Metaspace       used 67485K, committed 68032K, reserved 1114112K
  class space    used 9046K, committed 9280K, reserved 1048576K
}
Event: 35.065 GC heap before
{Heap before GC invocations=15 (full 0):
 garbage-first heap   total 70656K, used 62319K [0x0000000081e00000, 0x0000000100000000)
  region size 1024K, 34 young (34816K), 3 survivors (3072K)
 Metaspace       used 72150K, committed 72768K, reserved 1114112K
  class space    used 9816K, committed 10112K, reserved 1048576K
}
Event: 35.088 GC heap after
{Heap after GC invocations=16 (full 0):
 garbage-first heap   total 70656K, used 31962K [0x0000000081e00000, 0x0000000100000000)
  region size 1024K, 5 young (5120K), 5 survivors (5120K)
 Metaspace       used 72150K, committed 72768K, reserved 1114112K
  class space    used 9816K, committed 10112K, reserved 1048576K
}
Event: 36.157 GC heap before
{Heap before GC invocations=16 (full 0):
 garbage-first heap   total 70656K, used 60634K [0x0000000081e00000, 0x0000000100000000)
  region size 1024K, 33 young (33792K), 5 survivors (5120K)
 Metaspace       used 73956K, committed 74560K, reserved 1114112K
  class space    used 10192K, committed 10496K, reserved 1048576K
}
Event: 36.175 GC heap after
{Heap after GC invocations=17 (full 0):
 garbage-first heap   total 70656K, used 33223K [0x0000000081e00000, 0x0000000100000000)
  region size 1024K, 4 young (4096K), 4 survivors (4096K)
 Metaspace       used 73956K, committed 74560K, reserved 1114112K
  class space    used 10192K, committed 10496K, reserved 1048576K
}
Event: 38.013 GC heap before
{Heap before GC invocations=17 (full 0):
 garbage-first heap   total 70656K, used 61895K [0x0000000081e00000, 0x0000000100000000)
  region size 1024K, 32 young (32768K), 4 survivors (4096K)
 Metaspace       used 77363K, committed 78016K, reserved 1179648K
  class space    used 10652K, committed 10944K, reserved 1048576K
}
Event: 38.027 GC heap after
{Heap after GC invocations=18 (full 0):
 garbage-first heap   total 70656K, used 35412K [0x0000000081e00000, 0x0000000100000000)
  region size 1024K, 4 young (4096K), 4 survivors (4096K)
 Metaspace       used 77363K, committed 78016K, reserved 1179648K
  class space    used 10652K, committed 10944K, reserved 1048576K
}
Event: 39.758 GC heap before
{Heap before GC invocations=19 (full 0):
 garbage-first heap   total 70656K, used 61012K [0x0000000081e00000, 0x0000000100000000)
  region size 1024K, 29 young (29696K), 4 survivors (4096K)
 Metaspace       used 80046K, committed 80768K, reserved 1179648K
  class space    used 11050K, committed 11392K, reserved 1048576K
}
Event: 39.771 GC heap after
{Heap after GC invocations=20 (full 0):
 garbage-first heap   total 70656K, used 36958K [0x0000000081e00000, 0x0000000100000000)
  region size 1024K, 4 young (4096K), 4 survivors (4096K)
 Metaspace       used 80046K, committed 80768K, reserved 1179648K
  class space    used 11050K, committed 11392K, reserved 1048576K
}
Event: 41.100 GC heap before
{Heap before GC invocations=20 (full 0):
 garbage-first heap   total 70656K, used 61534K [0x0000000081e00000, 0x0000000100000000)
  region size 1024K, 28 young (28672K), 4 survivors (4096K)
 Metaspace       used 81910K, committed 82624K, reserved 1179648K
  class space    used 11330K, committed 11648K, reserved 1048576K
}
Event: 41.116 GC heap after
{Heap after GC invocations=21 (full 0):
 garbage-first heap   total 70656K, used 38513K [0x0000000081e00000, 0x0000000100000000)
  region size 1024K, 4 young (4096K), 4 survivors (4096K)
 Metaspace       used 81910K, committed 82624K, reserved 1179648K
  class space    used 11330K, committed 11648K, reserved 1048576K
}

Dll operation events (13 events):
Event: 0.035 Loaded shared library C:\Program Files\Java\jdk-21\bin\java.dll
Event: 0.135 Loaded shared library C:\Program Files\Java\jdk-21\bin\jsvml.dll
Event: 0.594 Loaded shared library C:\Program Files\Java\jdk-21\bin\zip.dll
Event: 0.731 Loaded shared library C:\Program Files\Java\jdk-21\bin\instrument.dll
Event: 0.756 Loaded shared library C:\Program Files\Java\jdk-21\bin\net.dll
Event: 0.763 Loaded shared library C:\Program Files\Java\jdk-21\bin\nio.dll
Event: 0.776 Loaded shared library C:\Program Files\Java\jdk-21\bin\zip.dll
Event: 1.164 Loaded shared library C:\Program Files\Java\jdk-21\bin\extnet.dll
Event: 1.273 Loaded shared library C:\Program Files\Java\jdk-21\bin\jimage.dll
Event: 7.672 Loaded shared library C:\Program Files\Java\jdk-21\bin\sunmscapi.dll
Event: 14.745 Loaded shared library C:\Program Files\Java\jdk-21\bin\management.dll
Event: 14.752 Loaded shared library C:\Program Files\Java\jdk-21\bin\management_ext.dll
Event: 17.977 Loaded shared library C:\Program Files\Java\jdk-21\bin\verify.dll

Deoptimization events (20 events):
Event: 42.523 Thread 0x00000232aa716620 Uncommon trap: trap_request=0xfffffff4 fr.pc=0x00000232ba791e10 relative=0x00000000000002b0
Event: 42.523 Thread 0x00000232aa716620 Uncommon trap: reason=null_check action=make_not_entrant pc=0x00000232ba791e10 method=org.springframework.util.ClassUtils.isAssignable(Ljava/lang/Class;Ljava/lang/Class;)Z @ 14 c2
Event: 42.523 Thread 0x00000232aa716620 DEOPT PACKING pc=0x00000232ba791e10 sp=0x000000de9cafdf70
Event: 42.523 Thread 0x00000232aa716620 DEOPT UNPACKING pc=0x00000232ba1046a2 sp=0x000000de9cafdf00 mode 2
Event: 43.149 Thread 0x00000232aa716620 Uncommon trap: trap_request=0xffffff45 fr.pc=0x00000232ba87db44 relative=0x0000000000000124
Event: 43.149 Thread 0x00000232aa716620 Uncommon trap: reason=unstable_if action=reinterpret pc=0x00000232ba87db44 method=java.util.ArrayList.indexOfRange(Ljava/lang/Object;II)I @ 7 c2
Event: 43.149 Thread 0x00000232aa716620 DEOPT PACKING pc=0x00000232ba87db44 sp=0x000000de9cafe710
Event: 43.149 Thread 0x00000232aa716620 DEOPT UNPACKING pc=0x00000232ba1046a2 sp=0x000000de9cafe690 mode 2
Event: 43.173 Thread 0x00000232aa716620 DEOPT PACKING pc=0x00000232b36e19ee sp=0x000000de9cafe7c0
Event: 43.173 Thread 0x00000232aa716620 DEOPT UNPACKING pc=0x00000232ba104e42 sp=0x000000de9cafdc98 mode 0
Event: 94.123 Thread 0x000002330d644670 Uncommon trap: trap_request=0xffffff45 fr.pc=0x00000232ba6b6738 relative=0x0000000000000218
Event: 94.124 Thread 0x000002330d644670 Uncommon trap: reason=unstable_if action=reinterpret pc=0x00000232ba6b6738 method=java.lang.String.indexOf(Ljava/lang/String;)I @ 10 c2
Event: 94.124 Thread 0x000002330d644670 DEOPT PACKING pc=0x00000232ba6b6738 sp=0x000000de9e6fd7b0
Event: 94.124 Thread 0x000002330d644670 DEOPT UNPACKING pc=0x00000232ba1046a2 sp=0x000000de9e6fd6e8 mode 2
Event: 94.124 Thread 0x000002330d644670 Uncommon trap: trap_request=0xffffff45 fr.pc=0x00000232ba776104 relative=0x00000000000001e4
Event: 94.124 Thread 0x000002330d644670 Uncommon trap: reason=unstable_if action=reinterpret pc=0x00000232ba776104 method=java.lang.String.indexOf(Ljava/lang/String;)I @ 10 c2
Event: 94.124 Thread 0x000002330d644670 DEOPT PACKING pc=0x00000232ba776104 sp=0x000000de9e6fd740
Event: 94.124 Thread 0x000002330d644670 DEOPT UNPACKING pc=0x00000232ba1046a2 sp=0x000000de9e6fd6e0 mode 2
Event: 94.209 Thread 0x000002330d644670 DEOPT PACKING pc=0x00000232b2feb9bc sp=0x000000de9e6f6440
Event: 94.209 Thread 0x000002330d644670 DEOPT UNPACKING pc=0x00000232ba104e42 sp=0x000000de9e6f58d0 mode 0

Classes loaded (20 events):
Event: 93.919 Loading class sun/nio/cs/ThreadLocalCoders$Cache done
Event: 93.919 Loading class sun/nio/cs/ThreadLocalCoders$1 done
Event: 93.920 Loading class sun/nio/cs/ThreadLocalCoders$2
Event: 93.920 Loading class sun/nio/cs/ThreadLocalCoders$2 done
Event: 93.920 Loading class sun/nio/cs/ISO_8859_1$Decoder
Event: 93.921 Loading class sun/nio/cs/ISO_8859_1$Decoder done
Event: 94.113 Loading class java/util/ArrayList$SubList$2
Event: 94.118 Loading class java/util/ArrayList$SubList$2 done
Event: 94.277 Loading class java/util/TreeMap$KeySpliterator
Event: 94.278 Loading class java/util/TreeMap$KeySpliterator done
Event: 94.305 Loading class java/time/format/DateTimeFormatterBuilder$ZoneTextPrinterParser
Event: 94.306 Loading class java/time/format/DateTimeFormatterBuilder$ZoneTextPrinterParser done
Event: 94.307 Loading class java/time/format/DateTimeFormatterBuilder$ReducedPrinterParser
Event: 94.308 Loading class java/time/format/DateTimeFormatterBuilder$ReducedPrinterParser done
Event: 94.686 Loading class java/util/concurrent/locks/ReentrantReadWriteLock$Sync$HoldCounter
Event: 94.733 Loading class java/util/concurrent/locks/ReentrantReadWriteLock$Sync$HoldCounter done
Event: 94.772 Loading class java/util/Collections$SynchronizedSortedMap
Event: 94.791 Loading class java/util/Collections$SynchronizedSortedMap done
Event: 94.828 Loading class java/util/TreeMap$EntrySpliterator
Event: 94.829 Loading class java/util/TreeMap$EntrySpliterator done

Classes unloaded (0 events):
No events

Classes redefined (0 events):
No events

Internal exceptions (20 events):
Event: 36.856 Thread 0x00000232aa716620 Exception <a 'java/lang/IncompatibleClassChangeError'{0x0000000085864d58}: Found class java.lang.Object, but interface was expected> (0x0000000085864d58) 
thrown [s\open\src\hotspot\share\interpreter\linkResolver.cpp, line 840]
Event: 37.200 Thread 0x00000232aa716620 Exception <a 'java/lang/NoSuchMethodError'{0x00000000853648a8}: 'long java.lang.invoke.DirectMethodHandle$Holder.invokeVirtual(java.lang.Object, java.lang.Object)'> (0x00000000853648a8) 
thrown [s\open\src\hotspot\share\interpreter\linkResolver.cpp, line 773]
Event: 37.376 Thread 0x00000232aa716620 Implicit null exception at 0x00000232ba99cb97 to 0x00000232ba99ce10
Event: 37.948 Thread 0x00000232aa716620 Exception <a 'java/lang/NoSuchMethodError'{0x000000008485c230}: 'java.lang.Object java.lang.invoke.DirectMethodHandle$Holder.newInvokeSpecial(java.lang.Object, java.lang.Object, java.lang.Object, java.lang.Object, java.lang.Object, java.lang.Object, java.lang.Object, java.lang.Object)'> (0x000000008485c230) 
thrown [s\open\src\hotspot\share\interpreter\linkResolver.cpp, line 773]
Event: 39.928 Thread 0x00000232aa716620 Exception <a 'java/lang/IncompatibleClassChangeError'{0x00000000872b7768}: Found class java.lang.Object, but interface was expected> (0x00000000872b7768) 
thrown [s\open\src\hotspot\share\interpreter\linkResolver.cpp, line 840]
Event: 40.543 Thread 0x00000232aa716620 Implicit null exception at 0x00000232ba867c00 to 0x00000232ba867cb8
Event: 40.667 Thread 0x00000232aa716620 Exception <a 'java/lang/NoSuchMethodError'{0x00000000852ac728}: 'java.lang.Object java.lang.invoke.DirectMethodHandle$Holder.invokeInterface(java.lang.Object, java.lang.Object, java.lang.Object, java.lang.Object)'> (0x00000000852ac728) 
thrown [s\open\src\hotspot\share\interpreter\linkResolver.cpp, line 773]
Event: 40.845 Thread 0x00000232aa716620 Exception <a 'java/lang/NoSuchMethodError'{0x0000000084f8d568}: 'void java.lang.invoke.DirectMethodHandle$Holder.invokeVirtual(java.lang.Object, java.lang.Object, long)'> (0x0000000084f8d568) 
thrown [s\open\src\hotspot\share\interpreter\linkResolver.cpp, line 773]
Event: 41.040 Thread 0x00000232aa716620 Exception <a 'java/lang/NoSuchMethodError'{0x0000000084cb5fc0}: 'int java.lang.invoke.DirectMethodHandle$Holder.invokeStaticInit(java.lang.Object, java.lang.Object, java.lang.Object, java.lang.Object)'> (0x0000000084cb5fc0) 
thrown [s\open\src\hotspot\share\interpreter\linkResolver.cpp, line 773]
Event: 41.170 Thread 0x00000232aa716620 Exception <a 'java/lang/NoSuchMethodError'{0x0000000089dd7068}: 'java.lang.Object java.lang.invoke.Invokers$Holder.invoke_MT(java.lang.Object, java.lang.Object, java.lang.Object, java.lang.Object, java.lang.Object, java.lang.Object, java.lang.Object, java.lang.Object, java.lang.Object)'> (0x0000000089dd7068) 
thrown [s\open\src\hotspot\share\interpreter\linkResolver.cpp, line 773]
Event: 41.246 Thread 0x00000232aa716620 Exception <a 'java/lang/NoSuchMethodError'{0x0000000089cf9398}: 'java.lang.Object java.lang.invoke.DirectMethodHandle$Holder.invokeVirtual(java.lang.Object, java.lang.Object, java.lang.Object, java.lang.Object, java.lang.Object, java.lang.Object, java.lang.Object, java.lang.Object, java.lang.Object)'> (0x0000000089cf9398) 
thrown [s\open\src\hotspot\share\interpreter\linkResolver.cpp, line 773]
Event: 41.350 Thread 0x00000232aa716620 Exception <a 'java/lang/NoSuchMethodError'{0x000000008726f048}: 'java.lang.Object java.lang.invoke.DirectMethodHandle$Holder.invokeVirtual(java.lang.Object, java.lang.Object, java.lang.Object, java.lang.Object, java.lang.Object, java.lang.Object, java.lang.Object)'> (0x000000008726f048) 
thrown [s\open\src\hotspot\share\interpreter\linkResolver.cpp, line 773]
Event: 41.460 Thread 0x00000232aa716620 Exception <a 'java/lang/NoSuchMethodError'{0x0000000087143fb8}: 'java.lang.Object java.lang.invoke.DirectMethodHandle$Holder.invokeVirtual(java.lang.Object, java.lang.Object, java.lang.Object, java.lang.Object, java.lang.Object, java.lang.Object, java.lang.Object, java.lang.Object, java.lang.Object, java.lang.Object)'> (0x0000000087143fb8) 
thrown [s\open\src\hotspot\share\interpreter\linkResolver.cpp, line 773]
Event: 42.462 Thread 0x00000232aa716620 Exception <a 'java/lang/IncompatibleClassChangeError'{0x0000000086e099f0}: Found class java.lang.Object, but interface was expected> (0x0000000086e099f0) 
thrown [s\open\src\hotspot\share\interpreter\linkResolver.cpp, line 840]
Event: 42.523 Thread 0x00000232aa716620 Implicit null exception at 0x00000232ba791b8b to 0x00000232ba791dfc
Event: 42.635 Thread 0x00000232aa716620 Exception <a 'java/lang/NoSuchMethodError'{0x00000000859904e8}: 'java.lang.Object java.lang.invoke.Invokers$Holder.invoke_MT(java.lang.Object, java.lang.Object, java.lang.Object, java.lang.Object, java.lang.Object, java.lang.Object, java.lang.Object, java.lang.Object, java.lang.Object, java.lang.Object, java.lang.Object)'> (0x00000000859904e8) 
thrown [s\open\src\hotspot\share\interpreter\linkResolver.cpp, line 773]
Event: 43.041 Thread 0x00000232aa716620 Exception <a 'java/lang/NoSuchMethodError'{0x00000000855b40c0}: 'java.lang.Object java.lang.invoke.DirectMethodHandle$Holder.newInvokeSpecial(java.lang.Object, java.lang.Object, int, java.lang.Object, java.lang.Object)'> (0x00000000855b40c0) 
thrown [s\open\src\hotspot\share\interpreter\linkResolver.cpp, line 773]
Event: 93.906 Thread 0x000002330d644670 Exception <a 'java/lang/NoSuchMethodError'{0x0000000085157bf0}: 'java.lang.Object java.lang.invoke.DirectMethodHandle$Holder.invokeSpecial(java.lang.Object, java.lang.Object, java.lang.Object, java.lang.Object, java.lang.Object, long)'> (0x0000000085157bf0) 
thrown [s\open\src\hotspot\share\interpreter\linkResolver.cpp, line 773]
Event: 93.906 Thread 0x000002330d644670 Exception <a 'java/lang/NoSuchMethodError'{0x000000008515b5f8}: 'java.lang.Object java.lang.invoke.Invokers$Holder.linkToTargetMethod(java.lang.Object, java.lang.Object, java.lang.Object, long, java.lang.Object)'> (0x000000008515b5f8) 
thrown [s\open\src\hotspot\share\interpreter\linkResolver.cpp, line 773]
Event: 94.112 Thread 0x000002330d644670 Exception <a 'java/lang/NoSuchMethodError'{0x00000000850ed2e0}: 'java.lang.Object java.lang.invoke.DirectMethodHandle$Holder.invokeStatic(java.lang.Object, int, int)'> (0x00000000850ed2e0) 
thrown [s\open\src\hotspot\share\interpreter\linkResolver.cpp, line 773]

ZGC Phase Switch (0 events):
No events

VM Operations (20 events):
Event: 42.125 Executing VM operation: Cleanup
Event: 42.125 Executing VM operation: Cleanup done
Event: 43.126 Executing VM operation: Cleanup
Event: 43.148 Executing VM operation: Cleanup done
Event: 44.149 Executing VM operation: Cleanup
Event: 44.149 Executing VM operation: Cleanup done
Event: 60.133 Executing VM operation: HandshakeAllThreads (HandshakeForDeflation)
Event: 60.133 Executing VM operation: HandshakeAllThreads (HandshakeForDeflation) done
Event: 60.133 Executing VM operation: RendezvousGCThreads
Event: 60.133 Executing VM operation: RendezvousGCThreads done
Event: 68.187 Executing VM operation: Cleanup
Event: 68.187 Executing VM operation: Cleanup done
Event: 93.379 Executing VM operation: Cleanup
Event: 93.379 Executing VM operation: Cleanup done
Event: 93.943 Executing VM operation: HandshakeAllThreads (Deoptimize)
Event: 93.943 Executing VM operation: HandshakeAllThreads (Deoptimize) done
Event: 93.975 Executing VM operation: HandshakeAllThreads (Deoptimize)
Event: 93.975 Executing VM operation: HandshakeAllThreads (Deoptimize) done
Event: 94.989 Executing VM operation: Cleanup
Event: 94.991 Executing VM operation: Cleanup done

Events (20 events):
Event: 38.200 Thread 0x00000232c67c5df0 flushing nmethod 0x00000232ba692210
Event: 38.200 Thread 0x00000232c67c5df0 flushing nmethod 0x00000232ba6ae710
Event: 38.200 Thread 0x00000232c67c5df0 flushing nmethod 0x00000232ba685a10
Event: 38.200 Thread 0x00000232c67c5df0 flushing nmethod 0x00000232ba684d10
Event: 38.200 Thread 0x00000232c67c5df0 flushing nmethod 0x00000232ba663e90
Event: 38.200 Thread 0x00000232c67c5df0 flushing nmethod 0x00000232ba650a10
Event: 43.075 Thread 0x000002330d644670 Thread added: 0x000002330d644670
Event: 43.075 Thread 0x000002330d6425a0 Thread added: 0x000002330d6425a0
Event: 43.075 Thread 0x0000023310095e60 Thread added: 0x0000023310095e60
Event: 43.075 Thread 0x0000023310094ab0 Thread added: 0x0000023310094ab0
Event: 43.076 Thread 0x0000023310094420 Thread added: 0x0000023310094420
Event: 43.076 Thread 0x0000023310095140 Thread added: 0x0000023310095140
Event: 43.076 Thread 0x00000233100957d0 Thread added: 0x00000233100957d0
Event: 43.076 Thread 0x00000233100964f0 Thread added: 0x00000233100964f0
Event: 43.077 Thread 0x0000023310093070 Thread added: 0x0000023310093070
Event: 43.077 Thread 0x0000023310093700 Thread added: 0x0000023310093700
Event: 43.116 Thread 0x0000023310093d90 Thread added: 0x0000023310093d90
Event: 43.120 Thread 0x0000023315743590 Thread added: 0x0000023315743590
Event: 43.211 Thread 0x00000232aa716620 Thread exited: 0x00000232aa716620
Event: 43.211 Thread 0x0000023315743c20 Thread added: 0x0000023315743c20


Dynamic libraries:
0x00007ff690400000 - 0x00007ff690410000 	C:\Program Files\Java\jdk-21\bin\java.exe
0x00007ffa19920000 - 0x00007ffa19b29000 	C:\Windows\SYSTEM32\ntdll.dll
0x00007ffa17910000 - 0x00007ffa179cd000 	C:\Windows\System32\KERNEL32.DLL
0x00007ffa17340000 - 0x00007ffa176c4000 	C:\Windows\System32\KERNELBASE.dll
0x00007ffa16e50000 - 0x00007ffa16f61000 	C:\Windows\System32\ucrtbase.dll
0x00007ffa0f7b0000 - 0x00007ffa0f7c9000 	C:\Program Files\Java\jdk-21\bin\jli.dll
0x00007ffa0e650000 - 0x00007ffa0e66b000 	C:\Program Files\Java\jdk-21\bin\VCRUNTIME140.dll
0x00007ffa186a0000 - 0x00007ffa1874e000 	C:\Windows\System32\ADVAPI32.dll
0x00007ffa18910000 - 0x00007ffa189b3000 	C:\Windows\System32\msvcrt.dll
0x00007ffa17fd0000 - 0x00007ffa1806e000 	C:\Windows\System32\sechost.dll
0x00007ffa180b0000 - 0x00007ffa181d1000 	C:\Windows\System32\RPCRT4.dll
0x00007ffa18750000 - 0x00007ffa188fd000 	C:\Windows\System32\USER32.dll
0x00007ffa176d0000 - 0x00007ffa176f6000 	C:\Windows\System32\win32u.dll
0x00007ffa17aa0000 - 0x00007ffa17aca000 	C:\Windows\System32\GDI32.dll
0x00007ffa171a0000 - 0x00007ffa172be000 	C:\Windows\System32\gdi32full.dll
0x00007ffa16db0000 - 0x00007ffa16e4d000 	C:\Windows\System32\msvcp_win.dll
0x00007ff9feca0000 - 0x00007ff9fef45000 	C:\Windows\WinSxS\amd64_microsoft.windows.common-controls_6595b64144ccf1df_6.0.22000.120_none_9d947278b86cc467\COMCTL32.dll
0x00007ffa0e840000 - 0x00007ffa0e84a000 	C:\Windows\SYSTEM32\VERSION.dll
0x00007ffa18070000 - 0x00007ffa180a1000 	C:\Windows\System32\IMM32.DLL
0x00007ffa14510000 - 0x00007ffa1451c000 	C:\Program Files\Java\jdk-21\bin\vcruntime140_1.dll
0x00007ff9e6590000 - 0x00007ff9e661e000 	C:\Program Files\Java\jdk-21\bin\msvcp140.dll
0x00007ff99ad60000 - 0x00007ff99ba77000 	C:\Program Files\Java\jdk-21\bin\server\jvm.dll
0x00007ffa18410000 - 0x00007ffa1847f000 	C:\Windows\System32\WS2_32.dll
0x00007ffa16c80000 - 0x00007ffa16ccd000 	C:\Windows\SYSTEM32\POWRPROF.dll
0x00007ffa0d730000 - 0x00007ffa0d763000 	C:\Windows\SYSTEM32\WINMM.dll
0x00007ffa16c60000 - 0x00007ffa16c73000 	C:\Windows\SYSTEM32\UMPDC.dll
0x00007ffa15de0000 - 0x00007ffa15df8000 	C:\Windows\SYSTEM32\kernel.appcore.dll
0x00007ffa12c30000 - 0x00007ffa12c3a000 	C:\Program Files\Java\jdk-21\bin\jimage.dll
0x00007ffa13320000 - 0x00007ffa13541000 	C:\Windows\SYSTEM32\DBGHELP.DLL
0x00007ffa051e0000 - 0x00007ffa05211000 	C:\Windows\SYSTEM32\dbgcore.DLL
0x00007ffa172c0000 - 0x00007ffa1733f000 	C:\Windows\System32\bcryptPrimitives.dll
0x00007ffa12bf0000 - 0x00007ffa12bff000 	C:\Program Files\Java\jdk-21\bin\instrument.dll
0x00007ffa12b90000 - 0x00007ffa12baf000 	C:\Program Files\Java\jdk-21\bin\java.dll
0x00007ffa18b70000 - 0x00007ffa19335000 	C:\Windows\System32\SHELL32.dll
0x00007ffa14e40000 - 0x00007ffa156a2000 	C:\Windows\SYSTEM32\windows.storage.dll
0x00007ffa17ad0000 - 0x00007ffa17e46000 	C:\Windows\System32\combase.dll
0x00007ffa14cd0000 - 0x00007ffa14e37000 	C:\Windows\SYSTEM32\wintypes.dll
0x00007ffa17820000 - 0x00007ffa1790a000 	C:\Windows\System32\SHCORE.dll
0x00007ffa179d0000 - 0x00007ffa17a2d000 	C:\Windows\System32\shlwapi.dll
0x00007ffa16ce0000 - 0x00007ffa16d05000 	C:\Windows\SYSTEM32\profapi.dll
0x00007ff9cb760000 - 0x00007ff9cb837000 	C:\Program Files\Java\jdk-21\bin\jsvml.dll
0x00007ffa0ea00000 - 0x00007ffa0ea18000 	C:\Program Files\Java\jdk-21\bin\zip.dll
0x00007ffa12c00000 - 0x00007ffa12c10000 	C:\Program Files\Java\jdk-21\bin\net.dll
0x00007ffa0df40000 - 0x00007ffa0e054000 	C:\Windows\SYSTEM32\WINHTTP.dll
0x00007ffa16280000 - 0x00007ffa162e7000 	C:\Windows\system32\mswsock.dll
0x00007ffa0ed90000 - 0x00007ffa0eda6000 	C:\Program Files\Java\jdk-21\bin\nio.dll
0x00007ffa14520000 - 0x00007ffa14529000 	C:\Program Files\Java\jdk-21\bin\extnet.dll
0x00007ffa12bd0000 - 0x00007ffa12bde000 	C:\Program Files\Java\jdk-21\bin\sunmscapi.dll
0x00007ffa16f70000 - 0x00007ffa170d2000 	C:\Windows\System32\CRYPT32.dll
0x00007ffa16660000 - 0x00007ffa16688000 	C:\Windows\SYSTEM32\ncrypt.dll
0x00007ffa16620000 - 0x00007ffa16657000 	C:\Windows\SYSTEM32\NTASN1.dll
0x00007ffa16550000 - 0x00007ffa16568000 	C:\Windows\SYSTEM32\CRYPTSP.dll
0x00007ffa15d40000 - 0x00007ffa15d75000 	C:\Windows\system32\rsaenh.dll
0x00007ffa16320000 - 0x00007ffa1634c000 	C:\Windows\SYSTEM32\USERENV.dll
0x00007ffa16690000 - 0x00007ffa166b7000 	C:\Windows\SYSTEM32\bcrypt.dll
0x00007ffa16470000 - 0x00007ffa1647c000 	C:\Windows\SYSTEM32\CRYPTBASE.dll
0x00007ffa15900000 - 0x00007ffa1592d000 	C:\Windows\SYSTEM32\IPHLPAPI.DLL
0x00007ffa183f0000 - 0x00007ffa183f9000 	C:\Windows\System32\NSI.dll
0x00007ffa0e9e0000 - 0x00007ffa0e9ea000 	C:\Program Files\Java\jdk-21\bin\management.dll
0x00007ffa0e6f0000 - 0x00007ffa0e6fb000 	C:\Program Files\Java\jdk-21\bin\management_ext.dll
0x00007ffa18400000 - 0x00007ffa18408000 	C:\Windows\System32\PSAPI.DLL
0x00007ffa0e9f0000 - 0x00007ffa0ea00000 	C:\Program Files\Java\jdk-21\bin\verify.dll
0x00007ffa15930000 - 0x00007ffa15a17000 	C:\Windows\SYSTEM32\DNSAPI.dll
0x00007ffa07550000 - 0x00007ffa0755a000 	C:\Windows\System32\rasadhlp.dll
0x00007ffa0c1a0000 - 0x00007ffa0c221000 	C:\Windows\System32\fwpuclnt.dll
0x00007ff9fd7d0000 - 0x00007ff9fd7d8000 	C:\Windows\system32\wshunix.dll

dbghelp: loaded successfully - version: 4.0.5 - missing functions: none
symbol engine: initialized successfully - sym options: 0x614 - pdb path: .;C:\Program Files\Java\jdk-21\bin;C:\Windows\SYSTEM32;C:\Windows\WinSxS\amd64_microsoft.windows.common-controls_6595b64144ccf1df_6.0.22000.120_none_9d947278b86cc467;C:\Program Files\Java\jdk-21\bin\server

VM Arguments:
jvm_args: -javaagent:C:\Program Files\JetBrains\IntelliJ IDEA\lib\idea_rt.jar=56474 -Dfile.encoding=UTF-8 -Dsun.stdout.encoding=UTF-8 -Dsun.stderr.encoding=UTF-8 
java_command: com.multiGenesys.BookingSystemAssignmentApplication
java_class_path (initial): C:\Users\SATYAM\Desktop\Zest-India\ZI-Springboot-tasks\MultiGenesys-Booking-System-Assignment\target\classes;C:\Users\SATYAM\.m2\repository\org\springframework\boot\spring-boot-starter-data-jpa\3.4.4\spring-boot-starter-data-jpa-3.4.4.jar;C:\Users\SATYAM\.m2\repository\org\springframework\boot\spring-boot-starter\3.4.4\spring-boot-starter-3.4.4.jar;C:\Users\SATYAM\.m2\repository\org\springframework\boot\spring-boot\3.4.4\spring-boot-3.4.4.jar;C:\Users\SATYAM\.m2\repository\org\springframework\boot\spring-boot-autoconfigure\3.4.4\spring-boot-autoconfigure-3.4.4.jar;C:\Users\SATYAM\.m2\repository\org\springframework\boot\spring-boot-starter-logging\3.4.4\spring-boot-starter-logging-3.4.4.jar;C:\Users\SATYAM\.m2\repository\ch\qos\logback\logback-classic\1.5.18\logback-classic-1.5.18.jar;C:\Users\SATYAM\.m2\repository\ch\qos\logback\logback-core\1.5.18\logback-core-1.5.18.jar;C:\Users\SATYAM\.m2\repository\org\apache\logging\log4j\log4j-to-slf4j\2.24.3\log4j-to-slf4j-2.24.3.jar;C:\Users\SATYAM\.m2\repository\org\apache\logging\log4j\log4j-api\2.24.3\log4j-api-2.24.3.jar;C:\Users\SATYAM\.m2\repository\org\slf4j\jul-to-slf4j\2.0.17\jul-to-slf4j-2.0.17.jar;C:\Users\SATYAM\.m2\repository\jakarta\annotation\jakarta.annotation-api\2.1.1\jakarta.annotation-api-2.1.1.jar;C:\Users\SATYAM\.m2\repository\org\yaml\snakeyaml\2.3\snakeyaml-2.3.jar;C:\Users\SATYAM\.m2\repository\org\springframework\boot\spring-boot-starter-jdbc\3.4.4\spring-boot-starter-jdbc-3.4.4.jar;C:\Users\SATYAM\.m2\repository\com\zaxxer\HikariCP\5.1.0\HikariCP-5.1.0.jar;C:\Users\SATYAM\.m2\repository\org\springframework\spring-jdbc\6.2.5\spring-jdbc-6.2.5.jar;C:\Users\SATYAM\.m2\repository\org\hibernate\orm\hibernate-core\6.6.11.Final\hibernate-core-6.6.11.Final.jar;C:\Users\SATYAM\.m2\repository\jakarta\persistence\jakarta.persistence-api\3.1.0\jakarta.persistence-api-3.1.0.jar;C:\Users\SATYAM\.m2\repository\jakarta\transaction\jakarta.transaction-api\2.0.1\jakarta.transaction-api-2.0.1.jar;C:\Users\SATYAM\.m2\repository\org\jboss\logging\jboss-logging\3.6.1.Final\jboss-logging-3.6.1.Final.jar;C:\Users\SATYAM\.m2\repository\org\hibernate\common\hibernate-commons-annotations\7.0.3.Final\hibernate-commons-annotations-7.0.3.Final.jar;C:\Users\SATYAM\.m2\repository\io\smallrye\jandex\3.2.0\jandex-3.2.0.jar;C:\Users\SATYAM\.m2\repository\com\fasterxml\classmate\1.7.0\classmate-1.7.0.jar;C:\Users\SATYAM\.m2\repository\net\bytebuddy\byte-buddy\1.15.11\byte-buddy-1.15.11.jar;C:\Users\SATYAM\.m2\repository\org\glassfish\jaxb\jaxb-runtime\4.0.5\jaxb-runtime-4.0.5.jar;C:\Users\SATYAM\.m2\repository\org\glassfish\jaxb\jaxb-core\4.0.5\jaxb-core-4.0.5.jar;C:\Users\SATYAM\.m2\repository\org\glassfish\jaxb\txw2\4.0.5\txw2-4.0.5.jar;C:\Users\SATYAM\.m2\repository\com\sun\istack\istack-commons-runtime\4.1.2\istack-commons-runtime-4.1.2.jar;C:\Users\SATYAM\.m2\repository\jakarta\inject\jakarta.inject-api\2.0.1\jakarta.inject-api-2.0.1.jar;C:\Users\SATYAM\.m2\repository\org\antlr\antlr4-runtime\4.13.0\antlr4-runtime-4.13.0.jar;C:\Users\SATYAM\.m2\repository\org\springframework\data\spring-data-jpa\3.4.4\spring-data-jpa-3.4.4.jar;C:\Users\SATYAM\.m2\repository\org\springframework\data\spring-data-commons\3.4.4\spring-data-commons-3.4.4.jar;C:\Users\SATYAM\.m2\repository\org\springframework\spring-orm\6.2.5\spring-orm-6.2.5.jar;C:\Users\SATYAM\.m2\repository\org\springframework\spring-context\6.2.5\spring-context-6.2.5.jar;C:\Users\SATYAM\.m2\repository\org\springframework\spring-tx\6.2.5\spring-tx-6.2.5.jar;C:\Users\SATYAM\.m2\repository\org\springframework\spring-beans\6.2.5\spring-beans-6.2.5.jar;C:\Users\SATYAM\.m2\repository\org\slf4j\slf4j-api\2.0.17\slf4j-api-2.0.17.jar;C:\Users\SATYAM\.m2\repository\org\springframework\spring-aspects\6.2.5\spring-aspects-6.2.5.jar;C:\Users\SATYAM\.m2\repository\org\aspectj\aspectjweaver\1.9.23\aspectjweaver-1.9.23.jar;C:\Users\SATYAM\.m2\repository\org\springframework\boot\spring-boot-starter-validation\3.4.4\spring-boot-starter-validation-3.4.4.jar;C:\Users\SATYAM\.m2\repository\org\apache\tomcat\embed\tomcat-embed-el\10.1.39\tomcat-embed-el-10.1.39.jar;C:\Users\SATYAM\.m2\repository\org\hibernate\validator\hibernate-validator\8.0.2.Final\hibernate-validator-8.0.2.Final.jar;C:\Users\SATYAM\.m2\repository\jakarta\validation\jakarta.validation-api\3.0.2\jakarta.validation-api-3.0.2.jar;C:\Users\SATYAM\.m2\repository\org\springframework\boot\spring-boot-starter-web\3.4.4\spring-boot-starter-web-3.4.4.jar;C:\Users\SATYAM\.m2\repository\org\springframework\boot\spring-boot-starter-json\3.4.4\spring-boot-starter-json-3.4.4.jar;C:\Users\SATYAM\.m2\repository\com\fasterxml\jackson\datatype\jackson-datatype-jdk8\2.18.3\jackson-datatype-jdk8-2.18.3.jar;C:\Users\SATYAM\.m2\repository\com\fasterxml\jackson\datatype\jackson-datatype-jsr310\2.18.3\jackson-datatype-jsr310-2.18.3.jar;C:\Users\SATYAM\.m2\repository\com\fasterxml\jackson\module\jackson-module-parameter-names\2.18.3\jackson-module-parameter-names-2.18.3.jar;C:\Users\SATYAM\.m2\repository\org\springframework\boot\spring-boot-starter-tomcat\3.4.4\spring-boot-starter-tomcat-3.4.4.jar;C:\Users\SATYAM\.m2\repository\org\apache\tomcat\embed\tomcat-embed-core\10.1.39\tomcat-embed-core-10.1.39.jar;C:\Users\SATYAM\.m2\repository\org\apache\tomcat\embed\tomcat-embed-websocket\10.1.39\tomcat-embed-websocket-10.1.39.jar;C:\Users\SATYAM\.m2\repository\org\springframework\spring-web\6.2.5\spring-web-6.2.5.jar;C:\Users\SATYAM\.m2\repository\io\micrometer\micrometer-observation\1.14.5\micrometer-observation-1.14.5.jar;C:\Users\SATYAM\.m2\repository\io\micrometer\micrometer-commons\1.14.5\micrometer-commons-1.14.5.jar;C:\Users\SATYAM\.m2\repository\org\springframework\spring-webmvc\6.2.5\spring-webmvc-6.2.5.jar;C:\Users\SATYAM\.m2\repository\org\springframework\spring-expression\6.2.5\spring-expression-6.2.5.jar;C:\Users\SATYAM\.m2\repository\com\mysql\mysql-connector-j\9.1.0\mysql-connector-j-9.1.0.jar;C:\Users\SATYAM\.m2\repository\org\projectlombok\lombok\1.18.36\lombok-1.18.36.jar;C:\Users\SATYAM\.m2\repository\jakarta\xml\bind\jakarta.xml.bind-api\4.0.2\jakarta.xml.bind-api-4.0.2.jar;C:\Users\SATYAM\.m2\repository\jakarta\activation\jakarta.activation-api\2.1.3\jakarta.activation-api-2.1.3.jar;C:\Users\SATYAM\.m2\repository\org\springframework\spring-core\6.2.5\spring-core-6.2.5.jar;C:\Users\SATYAM\.m2\repository\org\springframework\spring-jcl\6.2.5\spring-jcl-6.2.5.jar;C:\Users\SATYAM\.m2\repository\org\springframework\boot\spring-boot-starter-mail\3.4.4\spring-boot-starter-mail-3.4.4.jar;C:\Users\SATYAM\.m2\repository\org\springframework\spring-context-support\6.2.5\spring-context-support-6.2.5.jar;C:\Users\SATYAM\.m2\repository\org\eclipse\angus\jakarta.mail\2.0.3\jakarta.mail-2.0.3.jar;C:\Users\SATYAM\.m2\repository\org\eclipse\angus\angus-activation\2.0.2\angus-activation-2.0.2.jar;C:\Users\SATYAM\.m2\repository\org\springdoc\springdoc-openapi-starter-webmvc-ui\2.8.6\springdoc-openapi-starter-webmvc-ui-2.8.6.jar;C:\Users\SATYAM\.m2\repository\org\springdoc\springdoc-openapi-starter-webmvc-api\2.8.6\springdoc-openapi-starter-webmvc-api-2.8.6.jar;C:\Users\SATYAM\.m2\repository\org\springdoc\springdoc-openapi-starter-common\2.8.6\springdoc-openapi-starter-common-2.8.6.jar;C:\Users\SATYAM\.m2\repository\io\swagger\core\v3\swagger-core-jakarta\2.2.29\swagger-core-jakarta-2.2.29.jar;C:\Users\SATYAM\.m2\repository\org\apache\commons\commons-lang3\3.17.0\commons-lang3-3.17.0.jar;C:\Users\SATYAM\.m2\repository\io\swagger\core\v3\swagger-annotations-jakarta\2.2.29\swagger-annotations-jakarta-2.2.29.jar;C:\Users\SATYAM\.m2\repository\io\swagger\core\v3\swagger-models-jakarta\2.2.29\swagger-models-jakarta-2.2.29.jar;C:\Users\SATYAM\.m2\repository\com\fasterxml\jackson\dataformat\jackson-dataformat-yaml\2.18.3\jackson-dataformat-yaml-2.18.3.jar;C:\Users\SATYAM\.m2\repository\org\webjars\swagger-ui\5.20.1\swagger-ui-5.20.1.jar;C:\Users\SATYAM\.m2\repository\org\webjars\webjars-locator-lite\1.0.1\webjars-locator-lite-1.0.1.jar;C:\Users\SATYAM\.m2\repository\org\jspecify\jspecify\1.0.0\jspecify-1.0.0.jar;C:\Users\SATYAM\.m2\repository\org\springframework\boot\spring-boot-starter-security\3.4.4\spring-boot-starter-security-3.4.4.jar;C:\Users\SATYAM\.m2\repository\org\springframework\spring-aop\6.2.5\spring-aop-6.2.5.jar;C:\Users\SATYAM\.m2\repository\org\springframework\security\spring-security-config\6.4.4\spring-security-config-6.4.4.jar;C:\Users\SATYAM\.m2\repository\org\springframework\security\spring-security-core\6.4.4\spring-security-core-6.4.4.jar;C:\Users\SATYAM\.m2\repository\org\springframework\security\spring-security-crypto\6.4.4\spring-security-crypto-6.4.4.jar;C:\Users\SATYAM\.m2\repository\org\springframework\security\spring-security-web\6.4.4\spring-security-web-6.4.4.jar;C:\Users\SATYAM\.m2\repository\io\jsonwebtoken\jjwt-api\0.11.5\jjwt-api-0.11.5.jar;C:\Users\SATYAM\.m2\repository\io\jsonwebtoken\jjwt-impl\0.11.5\jjwt-impl-0.11.5.jar;C:\Users\SATYAM\.m2\repository\io\jsonwebtoken\jjwt-jackson\0.11.5\jjwt-jackson-0.11.5.jar;C:\Users\SATYAM\.m2\repository\com\fasterxml\jackson\core\jackson-databind\2.18.3\jackson-databind-2.18.3.jar;C:\Users\SATYAM\.m2\repository\com\fasterxml\jackson\core\jackson-annotations\2.18.3\jackson-annotations-2.18.3.jar;C:\Users\SATYAM\.m2\repository\com\fasterxml\jackson\core\jackson-core\2.18.3\jackson-core-2.18.3.jar;C:\Users\SATYAM\.m2\repository\org\modelmapper\modelmapper\3.1.1\modelmapper-3.1.1.jar
Launcher Type: SUN_STANDARD

[Global flags]
     intx CICompilerCount                          = 3                                         {product} {ergonomic}
     uint ConcGCThreads                            = 1                                         {product} {ergonomic}
     uint G1ConcRefinementThreads                  = 4                                         {product} {ergonomic}
   size_t G1HeapRegionSize                         = 1048576                                   {product} {ergonomic}
    uintx GCDrainStackTargetSize                   = 64                                        {product} {ergonomic}
   size_t InitialHeapSize                          = 134217728                                 {product} {ergonomic}
   size_t MarkStackSize                            = 4194304                                   {product} {ergonomic}
   size_t MaxHeapSize                              = 2116026368                                {product} {ergonomic}
   size_t MaxNewSize                               = 1268776960                                {product} {ergonomic}
   size_t MinHeapDeltaBytes                        = 1048576                                   {product} {ergonomic}
   size_t MinHeapSize                              = 8388608                                   {product} {ergonomic}
    uintx NonNMethodCodeHeapSize                   = 5832780                                {pd product} {ergonomic}
    uintx NonProfiledCodeHeapSize                  = 122912730                              {pd product} {ergonomic}
    uintx ProfiledCodeHeapSize                     = 122912730                              {pd product} {ergonomic}
    uintx ReservedCodeCacheSize                    = 251658240                              {pd product} {ergonomic}
     bool SegmentedCodeCache                       = true                                      {product} {ergonomic}
   size_t SoftMaxHeapSize                          = 2116026368                             {manageable} {ergonomic}
     bool UseCompressedOops                        = true                           {product lp64_product} {ergonomic}
     bool UseG1GC                                  = true                                      {product} {ergonomic}
     bool UseLargePagesIndividualAllocation        = false                                  {pd product} {ergonomic}

Logging:
Log output configuration:
 #0: stdout all=warning uptime,level,tags foldmultilines=false
 #1: stderr all=off uptime,level,tags foldmultilines=false

Environment Variables:
JAVA_HOME=C:\Program Files\Java\jdk-21
PATH=C:\Python313\Scripts\;C:\Python313\;C:\app\SATYAM\product\21c\dbhomeXE\bin;C:\Program Files\Common Files\Oracle\Java\javapath;D:\oracle\product\10.2.0\db_1\bin;C:\Windows\system32;C:\Windows;C:\Windows\System32\Wbem;C:\Windows\System32\WindowsPowerShell\v1.0\;C:\Windows\System32\OpenSSH\;C:\Program Files\MySQL\MySQL Server 8.0\bin;C:\Program Files\Java\jdk-21\bin;C:\Users\SATYAM\Downloads\gradle-8.13\bin;C:\Users\SATYAM\Downloads\apache-maven-3.9.9-bin\apache-maven-3.9.9\bin;C:\Program Files\Git\cmd;C:\ProgramData\chocolatey\bin;C:\Program Files\nodejs\;C:\Program Files\MySQL\MySQL Shell 8.0\bin\;C:\Users\SATYAM\AppData\Local\Microsoft\WindowsApps;C:\Users\SATYAM\AppData\Local\Programs\Microsoft VS Code\bin;C:\Program Files\MySQL\MySQL Server 8.0\bin;C:\Program Files\Java\jdk-21\bin;C:\Users\SATYAM\Desktop\Zest-India\ZI-Springboot-tasks\IntelliJ IDEA Community Edition 2024.3.4.1\bin;;C:\Users\SATYAM\AppData\Local\GitHubDesktop\bin;C:\Users\SATYAM\AppData\Roaming\npm
USERNAME=SATYAM
OS=Windows_NT
PROCESSOR_IDENTIFIER=Intel64 Family 6 Model 78 Stepping 3, GenuineIntel
TMP=C:\Users\SATYAM\AppData\Local\Temp
TEMP=C:\Users\SATYAM\AppData\Local\Temp




Periodic native trim disabled

---------------  S Y S T E M  ---------------

OS:
 Windows 11 , 64 bit Build 22000 (10.0.22000.2538)
OS uptime: 0 days 23:17 hours
Hyper-V role detected

CPU: total 4 (initial active 4) (2 cores per cpu, 2 threads per core) family 6 model 78 stepping 3 microcode 0xd6, cx8, cmov, fxsr, ht, mmx, 3dnowpref, sse, sse2, sse3, ssse3, sse4.1, sse4.2, popcnt, lzcnt, tsc, tscinvbit, avx, avx2, aes, erms, clmul, bmi1, bmi2, rtm, adx, fma, vzeroupper, clflush, clflushopt, hv, rdtscp, f16c
Processor Information for processor 0
  Max Mhz: 2496, Current Mhz: 2396, Mhz Limit: 2396
Processor Information for processor 1
  Max Mhz: 2496, Current Mhz: 1497, Mhz Limit: 2396
Processor Information for processor 2
  Max Mhz: 2496, Current Mhz: 2396, Mhz Limit: 2396
Processor Information for processor 3
  Max Mhz: 2496, Current Mhz: 2396, Mhz Limit: 2396

Memory: 4k page, system-wide physical 8071M (304M free)
TotalPageFile size 16071M (AvailPageFile size 13M)
current process WorkingSet (physical memory assigned to process): 279M, peak: 287M
current process commit charge ("private bytes"): 308M, peak: 316M

vm_info: Java HotSpot(TM) 64-Bit Server VM (21.0.2+13-LTS-58) for windows-amd64 JRE (21.0.2+13-LTS-58), built on 2024-01-05T18:32:24Z by "mach5one" with MS VC++ 17.1 (VS2022)

END.
